// Vitest Snapshot v1, https://vitest.dev/guide/snapshot.html

exports[`bazi_basic: detail tiers > simple tier: no analysis headers, no 大運; has 藏干; snapshot 1`] = `
"=== 命主資料 ===
性別：女
公曆：1990-05-15 10:30:00
農曆：庚午年四月廿一巳時

=== 八字命盤 ===
年柱：庚午（藏干：丁、己）
月柱：辛巳（藏干：丙、戊、庚）
日柱：庚辰（藏干：戊、乙、癸）
時柱：辛巳（藏干：丙、戊、庚）
日主：庚

=== 真太陽時校正 ===
時區依據：default-beijing（標準經線 120°）
經度修正：-23.3 分
均時差：+3.7 分
夏令時扣減：60 分
總修正：-79.6 分
子時流派：MIDNIGHT_00（子時不換日，晚子時屬當日）
⚠️ 未提供時區，已假設 UTC+8 北京時間；海外出生請補 timezone/timezoneId 以準確校正真太陽時。"
`;

exports[`bazi_basic: detail tiers > standard tier: 7 analysis headers + 大運 header + ←現行 marker present; full text snapshot 1`] = `
"=== 命主資料 ===
性別：男
公曆：1993-06-15 17:00:00
農曆：癸酉年四月廿六酉時

=== 八字命盤 ===
年柱：癸酉（藏干：辛）
月柱：戊午（藏干：丁、己）
日柱：丁卯（藏干：乙）
時柱：己酉（藏干：辛）
日主：丁

=== 五行力量 ===
木2 火2.7 土2.3 金4 水1（共12）
最旺：金　最弱：水

=== 日主強弱 ===
中和（得分 22，54%）
日主火中和（22分），五行平衡，宜维持现状

=== 格局 ===
五行俱全格
五行俱全，各元素皆備

=== 用神 ===
用神：水　喜神：金　忌神：火
日主中和，取調候用神：命局炎燥，以水潤之、金生水為喜，忌火助熱。

=== 十神 ===
年柱·七殺、月柱·傷官、時柱·食神、年柱·偏財（藏）、月柱·比肩（藏）、日柱·偏印（藏）、時柱·偏財（藏）

=== 神煞 ===
年支：天乙貴人、文昌貴人、學堂、天哭
時支：天乙貴人、文昌貴人、學堂、天哭
月支：詞館、祿神、紅鸞、建祿
日支：將星、災煞

=== 原局刑沖合害 ===
戊癸合化火
卯酉相沖
酉酉自刑
卯午相破

=== 大運 ===
4-13歲（1996-2005）丁巳·比肩
14-23歲（2006-2015）丙辰·劫財
24-33歲（2016-2025）乙卯·偏印
34-43歲（2026-2035）甲寅·正印 ←現行
44-53歲（2036-2045）癸丑·七殺
54-63歲（2046-2055）壬子·正官
64-73歲（2056-2065）辛亥·偏財
74-83歲（2066-2075）庚戌·正財
84-93歲（2076-2085）己酉·食神
94-103歲（2086-2095）戊申·傷官
104-113歲（2096-2105）丁未·比肩
114-123歲（2106-2115）丙午·劫財
"
`;
